#
# There is insufficient memory for the Java Runtime Environment to continue.
# Native memory allocation (malloc) failed to allocate 194976 bytes for Chunk::new
# Possible reasons:
#   The system is out of physical RAM or swap space
#   The process is running with CompressedOops enabled, and the Java Heap may be blocking the growth of the native heap
# Possible solutions:
#   Reduce memory load on the system
#   Increase physical memory or swap space
#   Check if swap backing store is full
#   Decrease Java heap size (-Xmx/-Xms)
#   Decrease number of Java threads
#   Decrease Java thread stack sizes (-Xss)
#   Set larger code cache with -XX:ReservedCodeCacheSize=
#   JVM is running with Unscaled Compressed Oops mode in which the Java heap is
#     placed in the first 4GB address space. The Java Heap base address is the
#     maximum limit for the native heap growth. Please use -XX:HeapBaseMinAddress
#     to set the Java Heap base and to place the Java Heap above 4GB virtual address.
# This output file may be truncated or incomplete.
#
#  Out of Memory Error (arena.cpp:189), pid=8964, tid=10400
#
# JRE version: Java(TM) SE Runtime Environment (17.0.12+8) (build 17.0.12+8-LTS-286)
# Java VM: Java HotSpot(TM) 64-Bit Server VM (17.0.12+8-LTS-286, mixed mode, sharing, tiered, compressed oops, compressed class ptrs, g1 gc, windows-amd64)
# No core dump will be written. Minidumps are not enabled by default on client versions of Windows
#

---------------  S U M M A R Y ------------

Command Line: -Xmx64m -Xms64m -Dorg.gradle.appname=gradlew org.gradle.wrapper.GradleWrapperMain app:installDebug -PreactNativeDevServerPort=8081

Host: Intel(R) Celeron(R) N4020 CPU @ 1.10GHz, 2 cores, 3G,  Windows 10 , 64 bit Build 19041 (10.0.19041.5794)
Time: Wed May 28 02:45:31 2025 Pacific Daylight Time elapsed time: 491.215700 seconds (0d 0h 8m 11s)

---------------  T H R E A D  ---------------

Current thread (0x0000015c4491bd70):  JavaThread "C2 CompilerThread0" daemon [_thread_in_native, id=10400, stack(0x00000016bed00000,0x00000016bee00000)]


Current CompileTask:
C2: 491215 2157 % !   4       java.io.BufferedReader::readLine @ 139 (327 bytes)

Stack: [0x00000016bed00000,0x00000016bee00000]
Native frames: (J=compiled Java code, j=interpreted, Vv=VM code, C=native code)
V  [jvm.dll+0x67a04a]
V  [jvm.dll+0x7da4ed]
V  [jvm.dll+0x7dbe33]
V  [jvm.dll+0x7dc4a3]
V  [jvm.dll+0x24508f]
V  [jvm.dll+0xab773]
V  [jvm.dll+0xabd3c]
V  [jvm.dll+0x2aa52f]
V  [jvm.dll+0x581eb9]
V  [jvm.dll+0x21f422]
V  [jvm.dll+0x21f81f]
V  [jvm.dll+0x218aa0]
V  [jvm.dll+0x215b65]
V  [jvm.dll+0x1a2960]
V  [jvm.dll+0x22610b]
V  [jvm.dll+0x2242ab]
V  [jvm.dll+0x79075c]
V  [jvm.dll+0x78abea]
V  [jvm.dll+0x678f35]
C  [ucrtbase.dll+0x21bb2]
C  [KERNEL32.DLL+0x17374]
C  [ntdll.dll+0x4cc91]


---------------  P R O C E S S  ---------------

Threads class SMR info:
_java_thread_list=0x0000015c8aa8ba70, length=13, elements={
0x0000015c2be58490, 0x0000015c2bf242b0, 0x0000015c2bf25130, 0x0000015c44918f30,
0x0000015c449198f0, 0x0000015c4491a2b0, 0x0000015c4491ac70, 0x0000015c4491bd70,
0x0000015c4498dde0, 0x0000015c44991ac0, 0x0000015c44b58e40, 0x0000015c44b59dc0,
0x0000015c8a746720
}

Java Threads: ( => current thread )
  0x0000015c2be58490 JavaThread "main" [_thread_in_vm, id=1192, stack(0x00000016bdf00000,0x00000016be000000)]
  0x0000015c2bf242b0 JavaThread "Reference Handler" daemon [_thread_blocked, id=7536, stack(0x00000016be700000,0x00000016be800000)]
  0x0000015c2bf25130 JavaThread "Finalizer" daemon [_thread_blocked, id=9656, stack(0x00000016be800000,0x00000016be900000)]
  0x0000015c44918f30 JavaThread "Signal Dispatcher" daemon [_thread_blocked, id=6896, stack(0x00000016be900000,0x00000016bea00000)]
  0x0000015c449198f0 JavaThread "Attach Listener" daemon [_thread_blocked, id=11660, stack(0x00000016bea00000,0x00000016beb00000)]
  0x0000015c4491a2b0 JavaThread "Service Thread" daemon [_thread_blocked, id=6772, stack(0x00000016beb00000,0x00000016bec00000)]
  0x0000015c4491ac70 JavaThread "Monitor Deflation Thread" daemon [_thread_blocked, id=6160, stack(0x00000016bec00000,0x00000016bed00000)]
=>0x0000015c4491bd70 JavaThread "C2 CompilerThread0" daemon [_thread_in_native, id=10400, stack(0x00000016bed00000,0x00000016bee00000)]
  0x0000015c4498dde0 JavaThread "C1 CompilerThread0" daemon [_thread_blocked, id=12392, stack(0x00000016bee00000,0x00000016bef00000)]
  0x0000015c44991ac0 JavaThread "Sweeper thread" daemon [_thread_blocked, id=2580, stack(0x00000016bef00000,0x00000016bf000000)]
  0x0000015c44b58e40 JavaThread "Notification Thread" daemon [_thread_blocked, id=2060, stack(0x00000016bf000000,0x00000016bf100000)]
  0x0000015c44b59dc0 JavaThread "Common-Cleaner" daemon [_thread_blocked, id=7456, stack(0x00000016bf200000,0x00000016bf300000)]
  0x0000015c8a746720 JavaThread "pool-1-thread-1" [_thread_in_native, id=6184, stack(0x00000016bf400000,0x00000016bf500000)]

Other Threads:
  0x0000015c2bf1c630 VMThread "VM Thread" [stack: 0x00000016be600000,0x00000016be700000] [id=1432]
  0x0000015c44b59b30 WatcherThread [stack: 0x00000016bf100000,0x00000016bf200000] [id=13752]
  0x0000015c2be78b70 GCTaskThread "GC Thread#0" [stack: 0x00000016be100000,0x00000016be200000] [id=15480]
  0x0000015c44dd0de0 GCTaskThread "GC Thread#1" [stack: 0x00000016bf300000,0x00000016bf400000] [id=11328]
  0x0000015c2be7b2d0 ConcurrentGCThread "G1 Main Marker" [stack: 0x00000016be200000,0x00000016be300000] [id=4108]
  0x0000015c2be7bce0 ConcurrentGCThread "G1 Conc#0" [stack: 0x00000016be300000,0x00000016be400000] [id=4076]
  0x0000015c2bebf3c0 ConcurrentGCThread "G1 Refine#0" [stack: 0x00000016be400000,0x00000016be500000] [id=11856]
  0x0000015c2bebfdf0 ConcurrentGCThread "G1 Service" [stack: 0x00000016be500000,0x00000016be600000] [id=7440]

Threads with active compile tasks:
C2 CompilerThread0   491262 2157 % !   4       java.io.BufferedReader::readLine @ 139 (327 bytes)

VM state: not at safepoint (normal execution)

VM Mutex/Monitor currently owned by a thread:  ([mutex/lock_event])
[0x0000015c2be54650] Metaspace_lock - owner thread: 0x0000015c2be58490

Heap address: 0x00000000fc000000, size: 64 MB, Compressed Oops mode: 32-bit

CDS archive(s) mapped at: [0x0000015c45000000-0x0000015c45bd0000-0x0000015c45bd0000), size 12386304, SharedBaseAddress: 0x0000015c45000000, ArchiveRelocationMode: 1.
Compressed class space mapped at: 0x0000015c46000000-0x0000015c86000000, reserved size: 1073741824
Narrow klass base: 0x0000015c45000000, Narrow klass shift: 0, Narrow klass range: 0x100000000

GC Precious Log:
 CPUs: 2 total, 2 available
 Memory: 3918M
 Large Page Support: Disabled
 NUMA Support: Disabled
 Compressed Oops: Enabled (32-bit)
 Heap Region Size: 1M
 Heap Min Capacity: 64M
 Heap Initial Capacity: 64M
 Heap Max Capacity: 64M
 Pre-touch: Disabled
 Parallel Workers: 2
 Concurrent Workers: 1
 Concurrent Refinement Workers: 2
 Periodic GC: Disabled

Heap:
 garbage-first heap   total 65536K, used 21504K [0x00000000fc000000, 0x0000000100000000)
  region size 1024K, 15 young (15360K), 5 survivors (5120K)
 Metaspace       used 10577K, committed 10752K, reserved 1114112K
  class space    used 1365K, committed 1472K, reserved 1048576K

Heap Regions: E=young(eden), S=young(survivor), O=old, HS=humongous(starts), HC=humongous(continues), CS=collection set, F=free, OA=open archive, CA=closed archive, TAMS=top-at-mark-start (previous, next)
|   0|0x00000000fc000000, 0x00000000fc100000, 0x00000000fc100000|100%| O|  |TAMS 0x00000000fc000000, 0x00000000fc000000| Untracked 
|   1|0x00000000fc100000, 0x00000000fc200000, 0x00000000fc200000|100%| O|  |TAMS 0x00000000fc100000, 0x00000000fc100000| Untracked 
|   2|0x00000000fc200000, 0x00000000fc300000, 0x00000000fc300000|100%|HS|  |TAMS 0x00000000fc200000, 0x00000000fc200000| Complete 
|   3|0x00000000fc300000, 0x00000000fc400000, 0x00000000fc400000|100%|HC|  |TAMS 0x00000000fc300000, 0x00000000fc300000| Complete 
|   4|0x00000000fc400000, 0x00000000fc500000, 0x00000000fc500000|100%|HC|  |TAMS 0x00000000fc400000, 0x00000000fc400000| Complete 
|   5|0x00000000fc500000, 0x00000000fc600000, 0x00000000fc600000|100%| O|  |TAMS 0x00000000fc500000, 0x00000000fc500000| Untracked 
|   6|0x00000000fc600000, 0x00000000fc700000, 0x00000000fc700000|100%| O|  |TAMS 0x00000000fc600000, 0x00000000fc600000| Untracked 
|   7|0x00000000fc700000, 0x00000000fc700000, 0x00000000fc800000|  0%| F|  |TAMS 0x00000000fc700000, 0x00000000fc700000| Untracked 
|   8|0x00000000fc800000, 0x00000000fc800000, 0x00000000fc900000|  0%| F|  |TAMS 0x00000000fc800000, 0x00000000fc800000| Untracked 
|   9|0x00000000fc900000, 0x00000000fc900000, 0x00000000fca00000|  0%| F|  |TAMS 0x00000000fc900000, 0x00000000fc900000| Untracked 
|  10|0x00000000fca00000, 0x00000000fca00000, 0x00000000fcb00000|  0%| F|  |TAMS 0x00000000fca00000, 0x00000000fca00000| Untracked 
|  11|0x00000000fcb00000, 0x00000000fcb00000, 0x00000000fcc00000|  0%| F|  |TAMS 0x00000000fcb00000, 0x00000000fcb00000| Untracked 
|  12|0x00000000fcc00000, 0x00000000fcc00000, 0x00000000fcd00000|  0%| F|  |TAMS 0x00000000fcc00000, 0x00000000fcc00000| Untracked 
|  13|0x00000000fcd00000, 0x00000000fcd00000, 0x00000000fce00000|  0%| F|  |TAMS 0x00000000fcd00000, 0x00000000fcd00000| Untracked 
|  14|0x00000000fce00000, 0x00000000fce00000, 0x00000000fcf00000|  0%| F|  |TAMS 0x00000000fce00000, 0x00000000fce00000| Untracked 
|  15|0x00000000fcf00000, 0x00000000fcf00000, 0x00000000fd000000|  0%| F|  |TAMS 0x00000000fcf00000, 0x00000000fcf00000| Untracked 
|  16|0x00000000fd000000, 0x00000000fd000000, 0x00000000fd100000|  0%| F|  |TAMS 0x00000000fd000000, 0x00000000fd000000| Untracked 
|  17|0x00000000fd100000, 0x00000000fd100000, 0x00000000fd200000|  0%| F|  |TAMS 0x00000000fd100000, 0x00000000fd100000| Untracked 
|  18|0x00000000fd200000, 0x00000000fd200000, 0x00000000fd300000|  0%| F|  |TAMS 0x00000000fd200000, 0x00000000fd200000| Untracked 
|  19|0x00000000fd300000, 0x00000000fd300000, 0x00000000fd400000|  0%| F|  |TAMS 0x00000000fd300000, 0x00000000fd300000| Untracked 
|  20|0x00000000fd400000, 0x00000000fd400000, 0x00000000fd500000|  0%| F|  |TAMS 0x00000000fd400000, 0x00000000fd400000| Untracked 
|  21|0x00000000fd500000, 0x00000000fd600000, 0x00000000fd600000|100%| S|CS|TAMS 0x00000000fd500000, 0x00000000fd500000| Complete 
|  22|0x00000000fd600000, 0x00000000fd700000, 0x00000000fd700000|100%| S|CS|TAMS 0x00000000fd600000, 0x00000000fd600000| Complete 
|  23|0x00000000fd700000, 0x00000000fd800000, 0x00000000fd800000|100%| S|CS|TAMS 0x00000000fd700000, 0x00000000fd700000| Complete 
|  24|0x00000000fd800000, 0x00000000fd900000, 0x00000000fd900000|100%| S|CS|TAMS 0x00000000fd800000, 0x00000000fd800000| Complete 
|  25|0x00000000fd900000, 0x00000000fda00000, 0x00000000fda00000|100%| S|CS|TAMS 0x00000000fd900000, 0x00000000fd900000| Complete 
|  26|0x00000000fda00000, 0x00000000fda00000, 0x00000000fdb00000|  0%| F|  |TAMS 0x00000000fda00000, 0x00000000fda00000| Untracked 
|  27|0x00000000fdb00000, 0x00000000fdb00000, 0x00000000fdc00000|  0%| F|  |TAMS 0x00000000fdb00000, 0x00000000fdb00000| Untracked 
|  28|0x00000000fdc00000, 0x00000000fdc00000, 0x00000000fdd00000|  0%| F|  |TAMS 0x00000000fdc00000, 0x00000000fdc00000| Untracked 
|  29|0x00000000fdd00000, 0x00000000fdd00000, 0x00000000fde00000|  0%| F|  |TAMS 0x00000000fdd00000, 0x00000000fdd00000| Untracked 
|  30|0x00000000fde00000, 0x00000000fde00000, 0x00000000fdf00000|  0%| F|  |TAMS 0x00000000fde00000, 0x00000000fde00000| Untracked 
|  31|0x00000000fdf00000, 0x00000000fdf00000, 0x00000000fe000000|  0%| F|  |TAMS 0x00000000fdf00000, 0x00000000fdf00000| Untracked 
|  32|0x00000000fe000000, 0x00000000fe000000, 0x00000000fe100000|  0%| F|  |TAMS 0x00000000fe000000, 0x00000000fe000000| Untracked 
|  33|0x00000000fe100000, 0x00000000fe100000, 0x00000000fe200000|  0%| F|  |TAMS 0x00000000fe100000, 0x00000000fe100000| Untracked 
|  34|0x00000000fe200000, 0x00000000fe200000, 0x00000000fe300000|  0%| F|  |TAMS 0x00000000fe200000, 0x00000000fe200000| Untracked 
|  35|0x00000000fe300000, 0x00000000fe300000, 0x00000000fe400000|  0%| F|  |TAMS 0x00000000fe300000, 0x00000000fe300000| Untracked 
|  36|0x00000000fe400000, 0x00000000fe400000, 0x00000000fe500000|  0%| F|  |TAMS 0x00000000fe400000, 0x00000000fe400000| Untracked 
|  37|0x00000000fe500000, 0x00000000fe500000, 0x00000000fe600000|  0%| F|  |TAMS 0x00000000fe500000, 0x00000000fe500000| Untracked 
|  38|0x00000000fe600000, 0x00000000fe600000, 0x00000000fe700000|  0%| F|  |TAMS 0x00000000fe600000, 0x00000000fe600000| Untracked 
|  39|0x00000000fe700000, 0x00000000fe700000, 0x00000000fe800000|  0%| F|  |TAMS 0x00000000fe700000, 0x00000000fe700000| Untracked 
|  40|0x00000000fe800000, 0x00000000fe800000, 0x00000000fe900000|  0%| F|  |TAMS 0x00000000fe800000, 0x00000000fe800000| Untracked 
|  41|0x00000000fe900000, 0x00000000fe900000, 0x00000000fea00000|  0%| F|  |TAMS 0x00000000fe900000, 0x00000000fe900000| Untracked 
|  42|0x00000000fea00000, 0x00000000fea00000, 0x00000000feb00000|  0%| F|  |TAMS 0x00000000fea00000, 0x00000000fea00000| Untracked 
|  43|0x00000000feb00000, 0x00000000feb00000, 0x00000000fec00000|  0%| F|  |TAMS 0x00000000feb00000, 0x00000000feb00000| Untracked 
|  44|0x00000000fec00000, 0x00000000fec00000, 0x00000000fed00000|  0%| F|  |TAMS 0x00000000fec00000, 0x00000000fec00000| Untracked 
|  45|0x00000000fed00000, 0x00000000fed00000, 0x00000000fee00000|  0%| F|  |TAMS 0x00000000fed00000, 0x00000000fed00000| Untracked 
|  46|0x00000000fee00000, 0x00000000fee00000, 0x00000000fef00000|  0%| F|  |TAMS 0x00000000fee00000, 0x00000000fee00000| Untracked 
|  47|0x00000000fef00000, 0x00000000fef00000, 0x00000000ff000000|  0%| F|  |TAMS 0x00000000fef00000, 0x00000000fef00000| Untracked 
|  48|0x00000000ff000000, 0x00000000ff000000, 0x00000000ff100000|  0%| F|  |TAMS 0x00000000ff000000, 0x00000000ff000000| Untracked 
|  49|0x00000000ff100000, 0x00000000ff100000, 0x00000000ff200000|  0%| F|  |TAMS 0x00000000ff100000, 0x00000000ff100000| Untracked 
|  50|0x00000000ff200000, 0x00000000ff200000, 0x00000000ff300000|  0%| F|  |TAMS 0x00000000ff200000, 0x00000000ff200000| Untracked 
|  51|0x00000000ff300000, 0x00000000ff300000, 0x00000000ff400000|  0%| F|  |TAMS 0x00000000ff300000, 0x00000000ff300000| Untracked 
|  52|0x00000000ff400000, 0x00000000ff400000, 0x00000000ff500000|  0%| F|  |TAMS 0x00000000ff400000, 0x00000000ff400000| Untracked 
|  53|0x00000000ff500000, 0x00000000ff500000, 0x00000000ff600000|  0%| F|  |TAMS 0x00000000ff500000, 0x00000000ff500000| Untracked 
|  54|0x00000000ff600000, 0x00000000ff680558, 0x00000000ff700000| 50%| E|  |TAMS 0x00000000ff600000, 0x00000000ff600000| Complete 
|  55|0x00000000ff700000, 0x00000000ff800000, 0x00000000ff800000|100%| E|CS|TAMS 0x00000000ff700000, 0x00000000ff700000| Complete 
|  56|0x00000000ff800000, 0x00000000ff900000, 0x00000000ff900000|100%| E|CS|TAMS 0x00000000ff800000, 0x00000000ff800000| Complete 
|  57|0x00000000ff900000, 0x00000000ffa00000, 0x00000000ffa00000|100%| E|CS|TAMS 0x00000000ff900000, 0x00000000ff900000| Complete 
|  58|0x00000000ffa00000, 0x00000000ffb00000, 0x00000000ffb00000|100%| E|CS|TAMS 0x00000000ffa00000, 0x00000000ffa00000| Complete 
|  59|0x00000000ffb00000, 0x00000000ffc00000, 0x00000000ffc00000|100%| E|CS|TAMS 0x00000000ffb00000, 0x00000000ffb00000| Complete 
|  60|0x00000000ffc00000, 0x00000000ffd00000, 0x00000000ffd00000|100%| E|CS|TAMS 0x00000000ffc00000, 0x00000000ffc00000| Complete 
|  61|0x00000000ffd00000, 0x00000000ffe00000, 0x00000000ffe00000|100%| E|CS|TAMS 0x00000000ffd00000, 0x00000000ffd00000| Complete 
|  62|0x00000000ffe00000, 0x00000000fff00000, 0x00000000fff00000|100%| E|CS|TAMS 0x00000000ffe00000, 0x00000000ffe00000| Complete 
|  63|0x00000000fff00000, 0x0000000100000000, 0x0000000100000000|100%| E|CS|TAMS 0x00000000fff00000, 0x00000000fff00000| Complete 

Card table byte_map: [0x0000015c29fd0000,0x0000015c29ff0000] _byte_map_base: 0x0000015c297f0000

Marking Bits (Prev, Next): (CMBitMap*) 0x0000015c2be79190, (CMBitMap*) 0x0000015c2be791d0
 Prev Bits: [0x0000015c2ba30000, 0x0000015c2bb30000)
 Next Bits: [0x0000015c2bb30000, 0x0000015c2bc30000)

Polling page: 0x0000015c29c10000

Metaspace:

Usage:
  Non-class:      9.00 MB used.
      Class:      1.33 MB used.
       Both:     10.33 MB used.

Virtual space:
  Non-class space:       64.00 MB reserved,       9.06 MB ( 14%) committed,  1 nodes.
      Class space:        1.00 GB reserved,       1.44 MB ( <1%) committed,  1 nodes.
             Both:        1.06 GB reserved,      10.50 MB ( <1%) committed. 

Chunk freelists:
   Non-Class:  6.19 MB
       Class:  14.55 MB
        Both:  20.73 MB

MaxMetaspaceSize: unlimited
CompressedClassSpaceSize: 1.00 GB
Initial GC threshold: 21.00 MB
Current GC threshold: 21.00 MB
CDS: on
MetaspaceReclaimPolicy: balanced
 - commit_granule_bytes: 65536.
 - commit_granule_words: 8192.
 - virtual_space_node_default_size: 8388608.
 - enlarge_chunks_in_place: 1.
 - new_chunks_are_fully_committed: 0.
 - uncommit_free_chunks: 1.
 - use_allocation_guard: 0.
 - handle_deallocations: 1.


Internal statistics:

num_allocs_failed_limit: 0.
num_arena_births: 90.
num_arena_deaths: 0.
num_vsnodes_births: 2.
num_vsnodes_deaths: 0.
num_space_committed: 168.
num_space_uncommitted: 0.
num_chunks_returned_to_freelist: 0.
num_chunks_taken_from_freelist: 377.
num_chunk_merges: 0.
num_chunk_splits: 255.
num_chunks_enlarged: 204.
num_inconsistent_stats: 0.

CodeHeap 'non-profiled nmethods': size=120064Kb used=1009Kb max_used=1009Kb free=119054Kb
 bounds [0x0000015c3b1e0000, 0x0000015c3b450000, 0x0000015c42720000]
CodeHeap 'profiled nmethods': size=120000Kb used=4198Kb max_used=4198Kb free=115801Kb
 bounds [0x0000015c33720000, 0x0000015c33b40000, 0x0000015c3ac50000]
CodeHeap 'non-nmethods': size=5696Kb used=1175Kb max_used=1207Kb free=4520Kb
 bounds [0x0000015c3ac50000, 0x0000015c3aec0000, 0x0000015c3b1e0000]
 total_blobs=2636 nmethods=2158 adapters=392
 compilation: enabled
              stopped_count=0, restarted_count=0
 full_count=0

Compilation events (20 events):
Event: 484.919 Thread 0x0000015c4498dde0 nmethod 2146 0x0000015c33b38490 code [0x0000015c33b38640, 0x0000015c33b38858]
Event: 491.158 Thread 0x0000015c4498dde0 2148       1       java.lang.reflect.Constructor::getDeclaringClass (5 bytes)
Event: 491.158 Thread 0x0000015c4498dde0 nmethod 2148 0x0000015c3b2dae10 code [0x0000015c3b2dafa0, 0x0000015c3b2db078]
Event: 491.160 Thread 0x0000015c4498dde0 2149       1       java.lang.invoke.MethodHandleImpl::isCompileConstant (2 bytes)
Event: 491.160 Thread 0x0000015c4498dde0 nmethod 2149 0x0000015c3b2db110 code [0x0000015c3b2db2a0, 0x0000015c3b2db358]
Event: 491.160 Thread 0x0000015c4491bd70 2150       4       jdk.internal.org.objectweb.asm.ByteVector::putByte (39 bytes)
Event: 491.163 Thread 0x0000015c4491bd70 nmethod 2150 0x0000015c3b2db410 code [0x0000015c3b2db5a0, 0x0000015c3b2db6e8]
Event: 491.180 Thread 0x0000015c4498dde0 2151       3       java.util.ArrayDeque::size (17 bytes)
Event: 491.180 Thread 0x0000015c4498dde0 nmethod 2151 0x0000015c33b38910 code [0x0000015c33b38aa0, 0x0000015c33b38c58]
Event: 491.180 Thread 0x0000015c4498dde0 2152       3       java.util.ArrayDeque::sub (14 bytes)
Event: 491.180 Thread 0x0000015c4498dde0 nmethod 2152 0x0000015c33b38d10 code [0x0000015c33b38ea0, 0x0000015c33b38fd8]
Event: 491.181 Thread 0x0000015c4498dde0 2153       1       com.google.common.collect.EvictingQueue::delegate (5 bytes)
Event: 491.181 Thread 0x0000015c4498dde0 nmethod 2153 0x0000015c3b2db810 code [0x0000015c3b2db9a0, 0x0000015c3b2dba78]
Event: 491.181 Thread 0x0000015c4491bd70 2154       4       java.lang.StringLatin1::canEncode (13 bytes)
Event: 491.182 Thread 0x0000015c4491bd70 nmethod 2154 0x0000015c3b2dbb10 code [0x0000015c3b2dbc80, 0x0000015c3b2dbcf8]
Event: 491.183 Thread 0x0000015c4498dde0 2155       3       java.lang.StringUTF16::putChar (54 bytes)
Event: 491.184 Thread 0x0000015c4498dde0 nmethod 2155 0x0000015c33b39090 code [0x0000015c33b39220, 0x0000015c33b39378]
Event: 491.184 Thread 0x0000015c4498dde0 2156       3       java.lang.StringUTF16::compress (50 bytes)
Event: 491.184 Thread 0x0000015c4498dde0 nmethod 2156 0x0000015c33b39490 code [0x0000015c33b39640, 0x0000015c33b39898]
Event: 491.185 Thread 0x0000015c4491bd70 2157 % !   4       java.io.BufferedReader::readLine @ 139 (327 bytes)

GC Heap History (8 events):
Event: 1.311 GC heap before
{Heap before GC invocations=0 (full 0):
 garbage-first heap   total 65536K, used 6144K [0x00000000fc000000, 0x0000000100000000)
  region size 1024K, 6 young (6144K), 0 survivors (0K)
 Metaspace       used 1632K, committed 1792K, reserved 1114112K
  class space    used 155K, committed 192K, reserved 1048576K
}
Event: 1.321 GC heap after
{Heap after GC invocations=1 (full 0):
 garbage-first heap   total 65536K, used 1229K [0x00000000fc000000, 0x0000000100000000)
  region size 1024K, 1 young (1024K), 1 survivors (1024K)
 Metaspace       used 1632K, committed 1792K, reserved 1114112K
  class space    used 155K, committed 192K, reserved 1048576K
}
Event: 1.596 GC heap before
{Heap before GC invocations=1 (full 0):
 garbage-first heap   total 65536K, used 7373K [0x00000000fc000000, 0x0000000100000000)
  region size 1024K, 7 young (7168K), 1 survivors (1024K)
 Metaspace       used 1670K, committed 1792K, reserved 1114112K
  class space    used 155K, committed 192K, reserved 1048576K
}
Event: 1.600 GC heap after
{Heap after GC invocations=2 (full 0):
 garbage-first heap   total 65536K, used 1629K [0x00000000fc000000, 0x0000000100000000)
  region size 1024K, 1 young (1024K), 1 survivors (1024K)
 Metaspace       used 1670K, committed 1792K, reserved 1114112K
  class space    used 155K, committed 192K, reserved 1048576K
}
Event: 2.237 GC heap before
{Heap before GC invocations=2 (full 0):
 garbage-first heap   total 65536K, used 12893K [0x00000000fc000000, 0x0000000100000000)
  region size 1024K, 13 young (13312K), 1 survivors (1024K)
 Metaspace       used 1854K, committed 1984K, reserved 1114112K
  class space    used 159K, committed 192K, reserved 1048576K
}
Event: 2.242 GC heap after
{Heap after GC invocations=3 (full 0):
 garbage-first heap   total 65536K, used 4096K [0x00000000fc000000, 0x0000000100000000)
  region size 1024K, 2 young (2048K), 2 survivors (2048K)
 Metaspace       used 1854K, committed 1984K, reserved 1114112K
  class space    used 159K, committed 192K, reserved 1048576K
}
Event: 16.226 GC heap before
{Heap before GC invocations=3 (full 0):
 garbage-first heap   total 65536K, used 44032K [0x00000000fc000000, 0x0000000100000000)
  region size 1024K, 38 young (38912K), 2 survivors (2048K)
 Metaspace       used 9553K, committed 9856K, reserved 1114112K
  class space    used 1266K, committed 1408K, reserved 1048576K
}
Event: 16.248 GC heap after
{Heap after GC invocations=4 (full 0):
 garbage-first heap   total 65536K, used 12288K [0x00000000fc000000, 0x0000000100000000)
  region size 1024K, 5 young (5120K), 5 survivors (5120K)
 Metaspace       used 9553K, committed 9856K, reserved 1114112K
  class space    used 1266K, committed 1408K, reserved 1048576K
}

Deoptimization events (20 events):
Event: 140.210 Thread 0x0000015c8a746720 Uncommon trap: trap_request=0xffffff45 fr.pc=0x0000015c3b1fe98c relative=0x000000000000016c
Event: 140.210 Thread 0x0000015c8a746720 Uncommon trap: reason=unstable_if action=reinterpret pc=0x0000015c3b1fe98c method=java.lang.String.indexOf(II)I @ 4 c2
Event: 140.210 Thread 0x0000015c8a746720 DEOPT PACKING pc=0x0000015c3b1fe98c sp=0x00000016bf4fe390
Event: 140.210 Thread 0x0000015c8a746720 DEOPT UNPACKING pc=0x0000015c3aca239d sp=0x00000016bf4fe330 mode 2
Event: 140.214 Thread 0x0000015c8a746720 Uncommon trap: trap_request=0xffffff45 fr.pc=0x0000015c3b1fbd38 relative=0x0000000000000218
Event: 140.214 Thread 0x0000015c8a746720 Uncommon trap: reason=unstable_if action=reinterpret pc=0x0000015c3b1fbd38 method=java.lang.String.getChars(II[CI)V @ 23 c2
Event: 140.214 Thread 0x0000015c8a746720 DEOPT PACKING pc=0x0000015c3b1fbd38 sp=0x00000016bf4fe4a0
Event: 140.214 Thread 0x0000015c8a746720 DEOPT UNPACKING pc=0x0000015c3aca239d sp=0x00000016bf4fe438 mode 2
Event: 330.524 Thread 0x0000015c8a746720 DEOPT PACKING pc=0x0000015c33abcf83 sp=0x00000016bf4fe730
Event: 330.528 Thread 0x0000015c8a746720 DEOPT UNPACKING pc=0x0000015c3aca2b24 sp=0x00000016bf4fdba0 mode 0
Event: 484.886 Thread 0x0000015c2be58490 DEOPT PACKING pc=0x0000015c33ab49cd sp=0x00000016bdffcde0
Event: 484.887 Thread 0x0000015c2be58490 DEOPT UNPACKING pc=0x0000015c3aca2b24 sp=0x00000016bdffc278 mode 0
Event: 490.618 Thread 0x0000015c2be58490 Uncommon trap: trap_request=0xffffff45 fr.pc=0x0000015c3b2aea68 relative=0x0000000000000148
Event: 490.618 Thread 0x0000015c2be58490 Uncommon trap: reason=unstable_if action=reinterpret pc=0x0000015c3b2aea68 method=com.esotericsoftware.kryo.io.Input.require(I)I @ 180 c2
Event: 490.618 Thread 0x0000015c2be58490 DEOPT PACKING pc=0x0000015c3b2aea68 sp=0x00000016bdffd0b0
Event: 490.618 Thread 0x0000015c2be58490 DEOPT UNPACKING pc=0x0000015c3aca239d sp=0x00000016bdffd058 mode 2
Event: 491.183 Thread 0x0000015c2be58490 Uncommon trap: trap_request=0xffffff45 fr.pc=0x0000015c3b1f2234 relative=0x0000000000000334
Event: 491.183 Thread 0x0000015c2be58490 Uncommon trap: reason=unstable_if action=reinterpret pc=0x0000015c3b1f2234 method=java.lang.StringUTF16.compress([CI[BII)I @ 20 c2
Event: 491.183 Thread 0x0000015c2be58490 DEOPT PACKING pc=0x0000015c3b1f2234 sp=0x00000016bdffce20
Event: 491.183 Thread 0x0000015c2be58490 DEOPT UNPACKING pc=0x0000015c3aca239d sp=0x00000016bdffcda0 mode 2

Classes unloaded (0 events):
No events

Classes redefined (0 events):
No events

Internal exceptions (20 events):
Event: 3.797 Thread 0x0000015c2be58490 Exception <a 'java/lang/NoSuchMethodError'{0x00000000ff342458}: 'java.lang.Object java.lang.invoke.Invokers$Holder.invoker(java.lang.Object, java.lang.Object, java.lang.Object)'> (0x00000000ff342458) 
thrown [s\open\src\hotspot\share\interpreter\linkResolver.cpp, line 759]
Event: 3.800 Thread 0x0000015c2be58490 Exception <a 'java/lang/NoSuchMethodError'{0x00000000ff34b5b0}: 'java.lang.Object java.lang.invoke.DirectMethodHandle$Holder.invokeStatic(java.lang.Object, java.lang.Object, int)'> (0x00000000ff34b5b0) 
thrown [s\open\src\hotspot\share\interpreter\linkResolver.cpp, line 759]
Event: 3.807 Thread 0x0000015c2be58490 Exception <a 'java/lang/NoSuchMethodError'{0x00000000ff3572a0}: 'void java.lang.invoke.DelegatingMethodHandle$Holder.delegate(java.lang.Object, java.lang.Object, int, java.lang.Object)'> (0x00000000ff3572a0) 
thrown [s\open\src\hotspot\share\interpreter\linkResolver.cpp, line 759]
Event: 3.836 Thread 0x0000015c2be58490 Exception <a 'java/lang/NoSuchMethodError'{0x00000000ff36a8e8}: 'java.lang.Object java.lang.invoke.Invokers$Holder.invokeExact_MT(java.lang.Object, java.lang.Object, java.lang.Object, java.lang.Object)'> (0x00000000ff36a8e8) 
thrown [s\open\src\hotspot\share\interpreter\linkResolver.cpp, line 759]
Event: 3.851 Thread 0x0000015c2be58490 Exception <a 'java/lang/NoSuchMethodError'{0x00000000ff38e350}: 'java.lang.Object java.lang.invoke.DirectMethodHandle$Holder.invokeVirtual(java.lang.Object, java.lang.Object, java.lang.Object)'> (0x00000000ff38e350) 
thrown [s\open\src\hotspot\share\interpreter\linkResolver.cpp, line 759]
Event: 4.253 Thread 0x0000015c2be58490 Exception <a 'java/lang/NoSuchMethodError'{0x00000000fec3ef28}: 'java.lang.Object java.lang.invoke.DirectMethodHandle$Holder.newInvokeSpecial(java.lang.Object, java.lang.Object, java.lang.Object, java.lang.Object, java.lang.Object)'> (0x00000000fec3ef28) 
thrown [s\open\src\hotspot\share\interpreter\linkResolver.cpp, line 759]
Event: 4.353 Thread 0x0000015c2be58490 Exception <a 'java/lang/NoSuchMethodError'{0x00000000febc02c8}: 'void java.lang.invoke.DirectMethodHandle$Holder.invokeSpecial(java.lang.Object, java.lang.Object, java.lang.Object)'> (0x00000000febc02c8) 
thrown [s\open\src\hotspot\share\interpreter\linkResolver.cpp, line 759]
Event: 4.404 Thread 0x0000015c2be58490 Exception <a 'java/lang/NoSuchMethodError'{0x00000000fea6ae50}: 'java.lang.Object java.lang.invoke.DirectMethodHandle$Holder.invokeStaticInit(java.lang.Object, int, int, int, int)'> (0x00000000fea6ae50) 
thrown [s\open\src\hotspot\share\interpreter\linkResolver.cpp, line 759]
Event: 4.787 Thread 0x0000015c2be58490 Exception <a 'java/lang/NoSuchMethodError'{0x00000000fe91e4c0}: 'java.lang.Object java.lang.invoke.DirectMethodHandle$Holder.invokeStaticInit(java.lang.Object, java.lang.Object, int, int, int, int)'> (0x00000000fe91e4c0) 
thrown [s\open\src\hotspot\share\interpreter\linkResolver.cpp, line 759]
Event: 4.806 Thread 0x0000015c2be58490 Exception <a 'java/lang/NoSuchMethodError'{0x00000000fe94f6d8}: 'int java.lang.invoke.DirectMethodHandle$Holder.invokeStatic(java.lang.Object)'> (0x00000000fe94f6d8) 
thrown [s\open\src\hotspot\share\interpreter\linkResolver.cpp, line 759]
Event: 4.807 Thread 0x0000015c2be58490 Exception <a 'java/lang/NoSuchMethodError'{0x00000000fe952e30}: 'int java.lang.invoke.DirectMethodHandle$Holder.invokeStaticInit(java.lang.Object)'> (0x00000000fe952e30) 
thrown [s\open\src\hotspot\share\interpreter\linkResolver.cpp, line 759]
Event: 5.045 Thread 0x0000015c2be58490 Exception <a 'java/lang/NoSuchMethodError'{0x00000000fe560798}: 'java.lang.Object java.lang.invoke.DirectMethodHandle$Holder.invokeSpecialIFC(java.lang.Object, java.lang.Object, java.lang.Object, java.lang.Object)'> (0x00000000fe560798) 
thrown [s\open\src\hotspot\share\interpreter\linkResolver.cpp, line 759]
Event: 6.039 Thread 0x0000015c44d28f60 Exception <a 'java/lang/NoSuchMethodError'{0x00000000fdc10900}: 'void java.lang.invoke.DirectMethodHandle$Holder.invokeStatic(java.lang.Object, long)'> (0x00000000fdc10900) 
thrown [s\open\src\hotspot\share\interpreter\linkResolver.cpp, line 759]
Event: 6.042 Thread 0x0000015c44d28f60 Exception <a 'java/lang/NoSuchMethodError'{0x00000000fdc16258}: 'java.lang.Object java.lang.invoke.DirectMethodHandle$Holder.newInvokeSpecial(java.lang.Object, long)'> (0x00000000fdc16258) 
thrown [s\open\src\hotspot\share\interpreter\linkResolver.cpp, line 759]
Event: 6.051 Thread 0x0000015c44d28f60 Exception <a 'java/lang/NoSuchMethodError'{0x00000000fdc20e00}: 'java.lang.Object java.lang.invoke.DirectMethodHandle$Holder.invokeStaticInit(java.lang.Object, java.lang.Object, long, java.lang.Object)'> (0x00000000fdc20e00) 
thrown [s\open\src\hotspot\share\interpreter\linkResolver.cpp, line 759]
Event: 6.052 Thread 0x0000015c44d28f60 Exception <a 'java/lang/NoSuchMethodError'{0x00000000fdc27488}: 'java.lang.Object java.lang.invoke.DirectMethodHandle$Holder.newInvokeSpecial(java.lang.Object, java.lang.Object, long)'> (0x00000000fdc27488) 
thrown [s\open\src\hotspot\share\interpreter\linkResolver.cpp, line 759]
Event: 6.053 Thread 0x0000015c44d28f60 Exception <a 'java/lang/NoSuchMethodError'{0x00000000fdc2b778}: 'java.lang.Object java.lang.invoke.Invokers$Holder.linkToTargetMethod(java.lang.Object, long, java.lang.Object)'> (0x00000000fdc2b778) 
thrown [s\open\src\hotspot\share\interpreter\linkResolver.cpp, line 759]
Event: 15.938 Thread 0x0000015c2be58490 Exception <a 'java/lang/NoSuchMethodError'{0x00000000fdb4bd60}: 'void java.lang.invoke.DirectMethodHandle$Holder.invokeStatic(java.lang.Object, java.lang.Object, java.lang.Object)'> (0x00000000fdb4bd60) 
thrown [s\open\src\hotspot\share\interpreter\linkResolver.cpp, line 759]
Event: 490.613 Thread 0x0000015c2be58490 Exception <a 'sun/net/ConnectionResetException'{0x00000000ffa2b608}: Connection reset> (0x00000000ffa2b608) 
thrown [s\open\src\hotspot\share\prims\jni.cpp, line 535]
Event: 491.199 Thread 0x0000015c2be58490 Exception <a 'java/lang/NoSuchMethodError'{0x00000000ffa6c0c0}: 'int java.lang.invoke.DirectMethodHandle$Holder.invokeVirtual(java.lang.Object, java.lang.Object)'> (0x00000000ffa6c0c0) 
thrown [s\open\src\hotspot\share\interpreter\linkResolver.cpp, line 759]

VM Operations (20 events):
Event: 410.608 Executing VM operation: Cleanup
Event: 410.608 Executing VM operation: Cleanup done
Event: 420.714 Executing VM operation: Cleanup
Event: 420.714 Executing VM operation: Cleanup done
Event: 423.742 Executing VM operation: Cleanup
Event: 423.742 Executing VM operation: Cleanup done
Event: 424.757 Executing VM operation: Cleanup
Event: 424.757 Executing VM operation: Cleanup done
Event: 432.864 Executing VM operation: Cleanup
Event: 432.864 Executing VM operation: Cleanup done
Event: 443.927 Executing VM operation: Cleanup
Event: 443.927 Executing VM operation: Cleanup done
Event: 444.932 Executing VM operation: Cleanup
Event: 444.932 Executing VM operation: Cleanup done
Event: 453.002 Executing VM operation: Cleanup
Event: 453.002 Executing VM operation: Cleanup done
Event: 478.242 Executing VM operation: Cleanup
Event: 478.242 Executing VM operation: Cleanup done
Event: 485.298 Executing VM operation: Cleanup
Event: 485.298 Executing VM operation: Cleanup done

Events (20 events):
Event: 490.940 loading class java/nio/file/FileChannelLinesSpliterator
Event: 491.028 loading class java/nio/file/FileChannelLinesSpliterator done
Event: 491.044 loading class sun/nio/fs/WindowsSecurityDescriptor
Event: 491.068 loading class sun/nio/fs/WindowsSecurityDescriptor done
Event: 491.071 loading class sun/nio/fs/WindowsChannelFactory
Event: 491.075 loading class sun/nio/fs/WindowsChannelFactory done
Event: 491.076 loading class sun/nio/fs/WindowsChannelFactory$1
Event: 491.077 loading class sun/nio/fs/WindowsChannelFactory$1 done
Event: 491.077 loading class sun/nio/fs/WindowsChannelFactory$Flags
Event: 491.078 loading class sun/nio/fs/WindowsChannelFactory$Flags done
Event: 491.079 loading class sun/nio/fs/WindowsChannelFactory$2
Event: 491.080 loading class sun/nio/fs/WindowsChannelFactory$2 done
Event: 491.089 loading class sun/nio/ch/FileChannelImpl$Closer
Event: 491.090 loading class sun/nio/ch/FileChannelImpl$Closer done
Event: 491.129 loading class java/util/stream/Streams$1
Event: 491.130 loading class java/util/stream/Streams$1 done
Event: 491.164 loading class java/nio/file/FileChannelLinesSpliterator$1
Event: 491.165 loading class java/nio/file/FileChannelLinesSpliterator$1 done
Event: 491.166 loading class java/nio/channels/Channels
Event: 491.169 loading class java/nio/channels/Channels done


Dynamic libraries:
0x00007ff756490000 - 0x00007ff7564a0000 	C:\Program Files\Microsoft\jdk-17.0.12\bin\java.exe
0x00007ff83b090000 - 0x00007ff83b288000 	C:\Windows\SYSTEM32\ntdll.dll
0x00007ff839a40000 - 0x00007ff839b02000 	C:\Windows\System32\KERNEL32.DLL
0x00007ff838920000 - 0x00007ff838c16000 	C:\Windows\System32\KERNELBASE.dll
0x00007ff8387d0000 - 0x00007ff8388d0000 	C:\Windows\System32\ucrtbase.dll
0x00007ff827e50000 - 0x00007ff827e69000 	C:\Program Files\Microsoft\jdk-17.0.12\bin\jli.dll
0x00007ff83a960000 - 0x00007ff83aa0f000 	C:\Windows\System32\ADVAPI32.dll
0x00007ff83aa70000 - 0x00007ff83ab0e000 	C:\Windows\System32\msvcrt.dll
0x00007ff839df0000 - 0x00007ff839e8f000 	C:\Windows\System32\sechost.dll
0x00007ff839b70000 - 0x00007ff839c93000 	C:\Windows\System32\RPCRT4.dll
0x00007ff839090000 - 0x00007ff8390b7000 	C:\Windows\System32\bcrypt.dll
0x00007ff83a7c0000 - 0x00007ff83a95d000 	C:\Windows\System32\USER32.dll
0x00007ff838fd0000 - 0x00007ff838ff2000 	C:\Windows\System32\win32u.dll
0x00007ff8390e0000 - 0x00007ff83910b000 	C:\Windows\System32\GDI32.dll
0x00007ff838c20000 - 0x00007ff838d3a000 	C:\Windows\System32\gdi32full.dll
0x00007ff838730000 - 0x00007ff8387cd000 	C:\Windows\System32\msvcp_win.dll
0x00007ff826960000 - 0x00007ff82697b000 	C:\Program Files\Microsoft\jdk-17.0.12\bin\VCRUNTIME140.dll
0x00007ff825570000 - 0x00007ff82580a000 	C:\Windows\WinSxS\amd64_microsoft.windows.common-controls_6595b64144ccf1df_6.0.19041.5794_none_60bcd33171f2783c\COMCTL32.dll
0x00007ff836e10000 - 0x00007ff836e1a000 	C:\Windows\SYSTEM32\VERSION.dll
0x00007ff839a10000 - 0x00007ff839a3f000 	C:\Windows\System32\IMM32.DLL
0x00007ff836d70000 - 0x00007ff836d7c000 	C:\Program Files\Microsoft\jdk-17.0.12\bin\vcruntime140_1.dll
0x00007ff811200000 - 0x00007ff81128e000 	C:\Program Files\Microsoft\jdk-17.0.12\bin\msvcp140.dll
0x00007fffea5b0000 - 0x00007fffeb190000 	C:\Program Files\Microsoft\jdk-17.0.12\bin\server\jvm.dll
0x00007ff83b040000 - 0x00007ff83b048000 	C:\Windows\System32\PSAPI.DLL
0x00007ff8312c0000 - 0x00007ff8312c9000 	C:\Windows\SYSTEM32\WSOCK32.dll
0x00007ff83ac90000 - 0x00007ff83acfb000 	C:\Windows\System32\WS2_32.dll
0x00007ff8202c0000 - 0x00007ff8202e7000 	C:\Windows\SYSTEM32\WINMM.dll
0x00007ff8371e0000 - 0x00007ff8371f2000 	C:\Windows\SYSTEM32\kernel.appcore.dll
0x00007ff829370000 - 0x00007ff82937a000 	C:\Program Files\Microsoft\jdk-17.0.12\bin\jimage.dll
0x00007ff8360a0000 - 0x00007ff8362a1000 	C:\Windows\SYSTEM32\DBGHELP.DLL
0x00007ff81c9d0000 - 0x00007ff81ca04000 	C:\Windows\SYSTEM32\dbgcore.DLL
0x00007ff839000000 - 0x00007ff839082000 	C:\Windows\System32\bcryptPrimitives.dll
0x00007ff823c30000 - 0x00007ff823c55000 	C:\Program Files\Microsoft\jdk-17.0.12\bin\java.dll
0x00007ffffdbd0000 - 0x00007ffffdca7000 	C:\Program Files\Microsoft\jdk-17.0.12\bin\jsvml.dll
0x00007ff83a050000 - 0x00007ff83a7be000 	C:\Windows\System32\SHELL32.dll
0x00007ff8363c0000 - 0x00007ff836b63000 	C:\Windows\SYSTEM32\windows.storage.dll
0x00007ff839580000 - 0x00007ff8398d3000 	C:\Windows\System32\combase.dll
0x00007ff837fb0000 - 0x00007ff837fdb000 	C:\Windows\SYSTEM32\Wldp.dll
0x00007ff839d20000 - 0x00007ff839ded000 	C:\Windows\System32\OLEAUT32.dll
0x00007ff83aed0000 - 0x00007ff83af7d000 	C:\Windows\System32\SHCORE.dll
0x00007ff83aa10000 - 0x00007ff83aa65000 	C:\Windows\System32\shlwapi.dll
0x00007ff838660000 - 0x00007ff838685000 	C:\Windows\SYSTEM32\profapi.dll
0x00007ff826860000 - 0x00007ff826879000 	C:\Program Files\Microsoft\jdk-17.0.12\bin\net.dll
0x00007ff829d00000 - 0x00007ff829e0a000 	C:\Windows\SYSTEM32\WINHTTP.dll
0x00007ff837d90000 - 0x00007ff837dfc000 	C:\Windows\system32\mswsock.dll
0x00007ff825810000 - 0x00007ff825826000 	C:\Program Files\Microsoft\jdk-17.0.12\bin\nio.dll
0x00007ff817260000 - 0x00007ff817278000 	C:\Program Files\Microsoft\jdk-17.0.12\bin\zip.dll
0x00007ff829200000 - 0x00007ff829210000 	C:\Program Files\Microsoft\jdk-17.0.12\bin\verify.dll
0x00007ff829110000 - 0x00007ff82911a000 	C:\Program Files\Microsoft\jdk-17.0.12\bin\management.dll
0x00007ff828ef0000 - 0x00007ff828efb000 	C:\Program Files\Microsoft\jdk-17.0.12\bin\management_ext.dll
0x00007ff827e70000 - 0x00007ff827e97000 	C:\Users\Fahad Computer\.gradle\native\1def1411415f61bf3af743bc5b6707747c0891f09f0c88961ee8f79bc544acac\windows-amd64\native-platform.dll
0x00007ff832d90000 - 0x00007ff832d9a000 	C:\Users\Fahad Computer\.gradle\native\jansi\1.18\windows64\jansi.dll
0x00007ff837ff0000 - 0x00007ff838008000 	C:\Windows\SYSTEM32\CRYPTSP.dll
0x00007ff8376d0000 - 0x00007ff837708000 	C:\Windows\system32\rsaenh.dll
0x00007ff838620000 - 0x00007ff83864e000 	C:\Windows\SYSTEM32\USERENV.dll
0x00007ff837f20000 - 0x00007ff837f2c000 	C:\Windows\SYSTEM32\CRYPTBASE.dll
0x00007ff837a90000 - 0x00007ff837acb000 	C:\Windows\SYSTEM32\IPHLPAPI.DLL
0x00007ff83b030000 - 0x00007ff83b038000 	C:\Windows\System32\NSI.dll
0x00007ff82a0d0000 - 0x00007ff82a0e7000 	C:\Windows\SYSTEM32\dhcpcsvc6.DLL
0x00007ff829f00000 - 0x00007ff829f1d000 	C:\Windows\SYSTEM32\dhcpcsvc.DLL
0x00007ff837ad0000 - 0x00007ff837b9a000 	C:\Windows\SYSTEM32\DNSAPI.dll
0x00007ff829210000 - 0x00007ff82921e000 	C:\Program Files\Microsoft\jdk-17.0.12\bin\sunmscapi.dll
0x00007ff838d40000 - 0x00007ff838e9d000 	C:\Windows\System32\CRYPT32.dll
0x00007ff838160000 - 0x00007ff838187000 	C:\Windows\SYSTEM32\ncrypt.dll
0x00007ff838120000 - 0x00007ff83815b000 	C:\Windows\SYSTEM32\NTASN1.dll
0x00007ff823c10000 - 0x00007ff823c17000 	C:\Windows\system32\wshunix.dll

dbghelp: loaded successfully - version: 4.0.5 - missing functions: none
symbol engine: initialized successfully - sym options: 0x614 - pdb path: .;C:\Program Files\Microsoft\jdk-17.0.12\bin;C:\Windows\SYSTEM32;C:\Windows\WinSxS\amd64_microsoft.windows.common-controls_6595b64144ccf1df_6.0.19041.5794_none_60bcd33171f2783c;C:\Program Files\Microsoft\jdk-17.0.12\bin\server;C:\Users\Fahad Computer\.gradle\native\1def1411415f61bf3af743bc5b6707747c0891f09f0c88961ee8f79bc544acac\windows-amd64;C:\Users\Fahad Computer\.gradle\native\jansi\1.18\windows64

VM Arguments:
jvm_args: -Xmx64m -Xms64m -Dorg.gradle.appname=gradlew 
java_command: org.gradle.wrapper.GradleWrapperMain app:installDebug -PreactNativeDevServerPort=8081
java_class_path (initial): C:\vtT\ChatbotApp\android\\gradle\wrapper\gradle-wrapper.jar
Launcher Type: SUN_STANDARD

[Global flags]
     intx CICompilerCount                          = 2                                         {product} {ergonomic}
     uint ConcGCThreads                            = 1                                         {product} {ergonomic}
     uint G1ConcRefinementThreads                  = 2                                         {product} {ergonomic}
   size_t G1HeapRegionSize                         = 1048576                                   {product} {ergonomic}
    uintx GCDrainStackTargetSize                   = 64                                        {product} {ergonomic}
   size_t InitialHeapSize                          = 67108864                                  {product} {command line}
   size_t MarkStackSize                            = 4194304                                   {product} {ergonomic}
   size_t MaxHeapSize                              = 67108864                                  {product} {command line}
   size_t MaxNewSize                               = 39845888                                  {product} {ergonomic}
   size_t MinHeapDeltaBytes                        = 1048576                                   {product} {ergonomic}
   size_t MinHeapSize                              = 67108864                                  {product} {command line}
    uintx NonNMethodCodeHeapSize                   = 5826188                                {pd product} {ergonomic}
    uintx NonProfiledCodeHeapSize                  = 122916026                              {pd product} {ergonomic}
    uintx ProfiledCodeHeapSize                     = 122916026                              {pd product} {ergonomic}
    uintx ReservedCodeCacheSize                    = 251658240                              {pd product} {ergonomic}
     bool SegmentedCodeCache                       = true                                      {product} {ergonomic}
   size_t SoftMaxHeapSize                          = 67108864                               {manageable} {ergonomic}
     bool UseCompressedClassPointers               = true                           {product lp64_product} {ergonomic}
     bool UseCompressedOops                        = true                           {product lp64_product} {ergonomic}
     bool UseG1GC                                  = true                                      {product} {ergonomic}
     bool UseLargePagesIndividualAllocation        = false                                  {pd product} {ergonomic}

Logging:
Log output configuration:
 #0: stdout all=warning uptime,level,tags
 #1: stderr all=off uptime,level,tags

Environment Variables:
JAVA_HOME=C:\Program Files\Microsoft\jdk-17.0.12\
CLASSPATH=C:\vtT\ChatbotApp\android\\gradle\wrapper\gradle-wrapper.jar
PATH=C:\vtT\ChatbotApp\node_modules\.bin;C:\vtT\ChatbotApp\node_modules\.bin;C:\vtT\node_modules\.bin;C:\node_modules\.bin;C:\Users\Fahad Computer\AppData\Roaming\npm\node_modules\npm\node_modules\@npmcli\run-script\lib\node-gyp-bin;c:\Users\Fahad Computer\AppData\Local\Programs\cursor\resources\app\bin;C:\Python313\Scripts\;C:\Python313\;C:\Program Files\Microsoft\jdk-11.0.26.4-hotspot\bin;C:\Program Files\Common Files\Oracle\Java\javapath;C:\Program Files\Microsoft\jdk-17.0.12.7-hotspot\bin;C:\Windows\system32;C:\Windows;C:\Windows\System32\Wbem;C:\Windows\System32\WindowsPowerShell\v1.0\;C:\Windows\System32\OpenSSH\;C:\ProgramData\chocolatey\bin;C:\Users\Fahad Computer\AppData\Local\Android\Sdk\platform-tools;C:\Program Files\Git\cmd;C:\Android\Sdk\emulator;C:\Android\Sdk\tools;C:\Program Files\nodejs\;C:\Users\Fahad Computer\AppData\Local\Android\Sdk\tools;C:\Users\Fahad Computer\AppData\Local\Android\Sdk\tools;C:\Users\Fahad Computer\AppData\Local\Microsoft\WindowsApps;C:\Program Files\MongoDB\Server\7.0\bin;C:\Program Files\MongoDB\Server\7.0\bin;C:\Users\Fahad Computer\AppData\Roaming\npm;c:\Users\Fahad Computer\AppData\Local\Programs\cursor\resources\app\bin;c:\Users\Fahad Computer\AppData\Local\Programs\cursor\resources\app\bin;C:\Program Files\Microsoft\jdk-17.0.12\\bin;C:\Users\Fahad Computer\AppData\Local\Android\Sdk\tools;C:\Users\Fahad Computer\AppData\Local\Android\Sdk\tools;C:\Users\Fahad Computer\AppData\Local\Microsoft\WindowsApps;C:\Users\Fahad Computer\AppData\Local\Programs\Microsoft VS Code\bin;C:\Program Files\MongoDB\Server\7.0\bin;C:\Program Files\MongoDB\Server\7.0\bin;C:\Users\Fahad Computer\AppData\Roaming\npm;C:\Users\Fahad Computer\AppData\Local\Programs\cursor\resources\app\bin
USERNAME=Fahad Computer
LANG=en_US.UTF-8
OS=Windows_NT
PROCESSOR_IDENTIFIER=Intel64 Family 6 Model 122 Stepping 8, GenuineIntel



---------------  S Y S T E M  ---------------

OS:
 Windows 10 , 64 bit Build 19041 (10.0.19041.5794)
OS uptime: 11 days 10:28 hours
Hyper-V role detected

CPU: total 2 (initial active 2) (2 cores per cpu, 1 threads per core) family 6 model 122 stepping 8 microcode 0x18, cx8, cmov, fxsr, mmx, 3dnowpref, sse, sse2, sse3, ssse3, sse4.1, sse4.2, popcnt, tsc, tscinvbit, aes, erms, clmul, sha, clflush, clflushopt, hv

Memory: 4k page, system-wide physical 3918M (73M free)
TotalPageFile size 15694M (AvailPageFile size 0M)
current process WorkingSet (physical memory assigned to process): 29M, peak: 110M
current process commit charge ("private bytes"): 154M, peak: 166M

vm_info: Java HotSpot(TM) 64-Bit Server VM (17.0.12+8-LTS-286) for windows-amd64 JRE (17.0.12+8-LTS-286), built on Jun  5 2024 06:46:59 by "mach5one" with MS VC++ 17.6 (VS2022)

END.
